✔ a stalled upload is still bounded, by the route timeout (3096.805209ms)
ℹ tests 1
ℹ suites 0
ℹ pass 1
ℹ fail 0
ℹ cancelled 0
ℹ skipped 0
ℹ todo 0
ℹ duration_ms 3322.948625
ℹ start of coverage report
ℹ -----------------------------------------------------------------------------------------------------------------------------------------------------------------------------------------------------------------------------------------------------------------------------------------------------------------------------------------------------------------------------------------------------------------------------------------------------------------------------------------------------------------------------------------------------------------------
ℹ file                                     | line % | branch % | funcs % | uncovered lines
ℹ -----------------------------------------------------------------------------------------------------------------------------------------------------------------------------------------------------------------------------------------------------------------------------------------------------------------------------------------------------------------------------------------------------------------------------------------------------------------------------------------------------------------------------------------------------------------------
ℹ config                                   |        |          |         | 
ℹ  api.js                                  | 100.00 |   100.00 |  100.00 | 
ℹ  application.js                          | 100.00 |   100.00 |  100.00 | 
ℹ  customer.js                             | 100.00 |   100.00 |  100.00 | 
ℹ  database.js                             | 100.00 |    50.00 |  100.00 | 
ℹ  deviceBinding.js                        | 100.00 |   100.00 |  100.00 | 
ℹ  idempotency.js                          | 100.00 |   100.00 |  100.00 | 
ℹ  inventory.js                            | 100.00 |   100.00 |  100.00 | 
ℹ  item.js                                 | 100.00 |   100.00 |  100.00 | 
ℹ  jwt.js                                  | 100.00 |   100.00 |  100.00 | 
ℹ  logging.js                              | 100.00 |   100.00 |  100.00 | 
ℹ  request.js                              | 100.00 |   100.00 |  100.00 | 
ℹ  requestLimiter.js                       | 100.00 |   100.00 |  100.00 | 
ℹ  scheduler.js                            | 100.00 |   100.00 |  100.00 | 
ℹ  security.js                             | 100.00 |   100.00 |  100.00 | 
ℹ  supplier.js                             | 100.00 |   100.00 |  100.00 | 
ℹ  tokenRevocation.js                      | 100.00 |   100.00 |  100.00 | 
ℹ src                                      |        |          |         | 
ℹ  framework                               |        |          |         | 
ℹ   api                                    |        |          |         | 
ℹ    apiDefinitionResolver.js              |  87.80 |    64.29 |  100.00 | 48-49 59-62 66-69 74-75 85-87
ℹ    BaseRequestHandler.js                 |  61.09 |    20.00 |   38.46 | 31-41 47-62 65-66 83-86 89-90 106-107 147 154-155 158-167 170-171 174-189 205-206 226-237 255-256 260-265 270-271 293-328
ℹ    handlerRegistry.js                    |  65.38 |    50.00 |   66.67 | 10-33 51-52 71-74 79-82 85-86
ℹ    normalizeApiConfig.js                 |  91.67 |    50.00 |  100.00 | 15-16
ℹ    normalizeApiDefaultsConfig.js         |  81.75 |    61.76 |  100.00 | 16-17 44-45 75-76 79-80 83-86 93-94 97-98 101-104 108 110-111
ℹ   application                            |        |          |         | 
ℹ    createApplication.js                  |  89.96 |    45.10 |   72.41 | 45-46 53-54 67-68 141-156 194-195 208-209 261-262 275-281 377 379-389 485-492 595-596 606-611 672-676
ℹ   auth                                   |        |          |         | 
ℹ    AuthenticationError.js                |  41.67 |   100.00 |    0.00 | 5-11
ℹ    authStrategyRegistry.js               |  77.10 |    50.00 |  100.00 | 15-16 24-27 30-31 49-50 55-58 61-64 70-71 87-88 103-106 109-112
ℹ    BaseAuthStrategy.js                   |  76.19 |    50.00 |   50.00 | 19-22 33-36 40-41
ℹ   authorization                          |        |          |         | 
ℹ    authorizationPolicyRegistry.js        |  59.43 |    46.15 |   47.83 | 5-11 21-22 31-32 37-51 53-71 73-80 82-86 95-96 99-100 103-104 111-112 120-121 131-132 144-145 165-166 187-191 195 201-205 209
ℹ   configuration                          |        |          |         | 
ℹ    applicationConfiguration.js           |  70.97 |    48.21 |   86.67 | 89-90 123-124 129-130 150-154 157-158 167-175 184-192 195-196 206-213 224-231 234-242 245-251 265-266 269-273 280 282-288 290-294 311-312 319-323 341-342 357-367 370-372
ℹ    ConfigurationError.js                 |  30.00 |   100.00 |    0.00 | 3-9
ℹ    normalizeApplicationConfig.js         |  71.19 |    40.00 |  100.00 | 9-13 24-25 49-55 59-63 67-72 77-83 90-91
ℹ    normalizeDatabaseConfig.js            |  88.17 |    38.89 |  100.00 | 11-12 21-26 35-36 45
ℹ    normalizeJwtConfig.js                 |  79.81 |    30.77 |  100.00 | 23-27 32-33 42-43 54-57 77-78 81-82 85-88
ℹ    normalizeRequestConfig.js             |  93.33 |    75.00 |  100.00 | 6-7
ℹ    SecretValue.js                        |  85.92 |    72.73 |   55.56 | 41-42 45-46 49-50 53-56
ℹ   diagnostics                            |        |          |         | 
ℹ    reportInternalFailure.js              |  34.52 |   100.00 |    0.00 | 22-36 42-79 83-84
ℹ   errors                                 |        |          |         | 
ℹ    ApplicationError.js                   | 100.00 |    66.67 |  100.00 | 
ℹ   http                                   |        |          |         | 
ℹ    apiResponse.js                        |  92.31 |    57.14 |  100.00 | 3-4 43-44
ℹ    fileResponse.js                       |  14.38 |   100.00 |    0.00 | 12-21 27-28 30-37 39-47 49-105 108-146
ℹ    requestProcessingLifecycle.js         |  87.40 |    57.89 |   63.64 | 19-20 25-27 45-46 66-67 72-74 106-107 125-126
ℹ   middleware                             |        |          |         | 
ℹ    apiDispatcher.js                      |  77.34 |    36.92 |   80.00 | 40-41 44-45 50-53 69-70 79-80 83-84 89-92 95-96 103-104 111-112 115-116 125-126 135-136 141-144 150-151 156-157 165 167-170 177-180 190-193 221-222 238-239 242-243 246-247 381-383 391-392 394-417 451-454 483-494 497-508
ℹ    bodyReceiveTimeout.js                 |  67.65 |    55.56 |   66.67 | 34-35 38-39 42-43 49-51 57 69-102
ℹ    errorHandler.js                       |  17.11 |    50.00 |   33.33 | 5-35 39-40 43-44 47-74
ℹ    requestLogger.js                      |  16.74 |   100.00 |    0.00 | 15-17 19-21 23-30 39-45 52-66 71-79 86-239
ℹ    requestTimeout.js                     |  76.62 |    50.00 |   80.00 | 28-29 32-33 36-37 40-41 80-86 95-100 122-124 134-145
ℹ   security                               |        |          |         | 
ℹ    normalizeSecurityConfig.js            |  58.11 |    28.57 |   66.67 | 7-8 22-50 75-97 107-108 115-116 118-119 125-126
ℹ    securityMiddleware.js                 |  65.66 |    53.85 |   85.71 | 5-10 22-23 53-55 64-78 90-97
ℹ   services                               |        |          |         | 
ℹ    BaseService.js                        | 100.00 |   100.00 |  100.00 | 
ℹ    createServiceContainer.js             | 100.00 |   100.00 |  100.00 | 
ℹ    requestServiceScope.js                |  66.67 |    53.85 |   75.00 | 18-19 22-23 26-27 38-39 43-51 55-62 80-82
ℹ    serviceAccess.js                      |  48.39 |    42.86 |   66.67 | 3-4 9-10 14-25
ℹ    ServiceContainer.js                   |  65.06 |    56.32 |   60.98 | 6-7 10-11 18-19 33-35 71-72 75-77 83-84 90-100 113-114 119-120 126-133 142-145 163-164 175-177 184-185 193-198 210-214 242-247 250-271 274-279 315 317-320 331-342 353-391 416-417 422-437 463-467 472-473 486-487 490-503 528-529 532-533 536-537 553-554 568-570
ℹ    serviceDiscovery.js                   |  83.46 |    58.62 |  100.00 | 38-39 46-47 50-53 59-62 67-70 94-95 120-123
ℹ   upload                                 |        |          |         | 
ℹ    cleanupUploadedFiles.js               |  21.88 |   100.00 |    0.00 | 15-64
ℹ    normalizeUploadConfig.js              |  83.03 |    35.00 |  100.00 | 21-22 27-30 37-38 43-44 63-64 72-73 79-82 89-90 123-126 138-141 174-175 201-202 209 211-214
ℹ    signatureMatchers.js                  |  70.00 |    83.33 |   40.00 | 24-25 32-33 37-41 51-52 60-61 84-100
ℹ    uploadConcurrencyGate.js              |  78.79 |    57.14 |   75.00 | 22-23 40-42 50-51 59-65
ℹ    uploadMiddleware.js                   |  60.13 |    43.90 |   54.84 | 30-31 35-37 44-48 93-94 100-108 115-123 128-143 161-166 180 191-207 222-234 238-251 258-259 269-277 285-293 303-311 318-326 345-351 354 357 362-363 371-372 376-388 405-414 429-434 454-465
ℹ   validation                             |        |          |         | 
ℹ    normalizeRequestValidationConfig.js   |  91.67 |    50.00 |  100.00 | 9-10
ℹ    normalizeResponseValidationConfig.js  |  86.67 |    37.50 |  100.00 | 17-20
ℹ    requestValidator.js                   |  64.03 |    31.58 |   55.56 | 9-23 27-33 59-60 67-70 77-80 90-91 106-110 116-121 125-129
ℹ    responseValidator.js                  |  53.60 |    30.77 |   60.00 | 9-21 25-32 54-55 60-61 67-70 75-78 83-84 93-100 106-113 116-122
ℹ   versioning                             |        |          |         | 
ℹ    apiLifecycle.js                       |  54.02 |    21.74 |  100.00 | 5-12 20-21 24-25 37-38 41-42 45-46 62-83
ℹ    normalizeApiVersioningConfig.js       |  72.22 |    36.36 |  100.00 | 9-10 17-20 23-24 27-28
ℹ  modules                                 |        |          |         | 
ℹ   authorization                          |        |          |         | 
ℹ    adminGuard.js                         |  47.16 |   100.00 |    0.00 | 24-31 33-42 52-58 67-69 79-106 120-132 137-141 144-147 157-166 172-176
ℹ    directoryLookups.js                   |  41.18 |   100.00 |    0.00 | 17-26 29-40 51-68
ℹ    permissionCatalogue.js                | 100.00 |   100.00 |  100.00 | 
ℹ   businessMaster                         |        |          |         | 
ℹ    businessMasterErrors.js               |  31.25 |   100.00 |    0.00 | 3-12 15-16 19-24 27-28 31-32
ℹ    BusinessMasterProvider.js             |  32.18 |   100.00 |    7.14 | 4-8 10-14 16-19 21-24 30-33 36-37 40-41 47-57 60-70 73-80 84-86
ℹ    BusinessMasterRepository.js           |  14.43 |   100.00 |    0.00 | 6-17 19-34 36-40 42-46 48-53 57-77 80-86 89-100 103-115 118-138 141-147 150-162 165-178 181-200
ℹ    businessMasterRules.js                |  18.26 |   100.00 |    0.00 | 7-13 15-24 27-39 42-49 52-63 65-78 80-86 89-100 103-108 111-115
ℹ    iso4217Snapshot.js                    | 100.00 |   100.00 |  100.00 | 
ℹ   customer                               |        |          |         | 
ℹ    CustomerApprovalService.js            |  15.45 |   100.00 |    0.00 | 20-22 24-33 35-39 41-45 47-49 51-57 59-61 63-71 73-81 85-93 96-99 102-153 156-195 198-223 226-252 255-267 273-308 311-340 343-364 367-378 381-384 387-395 398-405 408-419 422-426 429-433 436-439
ℹ    CustomerAttachmentService.js          |   9.63 |   100.00 |    0.00 | 14-20 22-40 42-58 60-68 70-77 81-83 86-92 95-101 104-110 113-133 136-157 160-172 175-297 300-320 323-344 347-366 369-395 398-434 437-446 449-455 458-496 501-503 506-550 553-597 600-631 634-653
ℹ    CustomerAuditLogService.js            |  74.61 |   100.00 |    0.00 | 139-144 146-158 160-162 166-192
ℹ    customerErrors.js                     |  31.82 |   100.00 |    0.00 | 3-11 14-19 22-27 30-35 38-44 47-52 55-60 63-68 71-76 79-84 87-92 95-101 104-109 112-118 121-122 125-126 129-130 133-134 137-138 141-142 145-146 149-152 155-156 159-160 163-164 167-168 171-172 175-176
ℹ    CustomerExportService.js              |  17.29 |   100.00 |    0.00 | 25-29 31-35 37-40 42-52 56-63 66-148 151-177 180-184 187-190 193-212 215-226 229-233 236-258 261-301 304-308 311-314 317-319 322-324 327-329 332-339 342-361 364-368 371-387 390-398
ℹ    CustomerImportService.js              |   9.85 |   100.00 |    0.00 | 10-14 16-21 23-37 46-50 52-56 58-60 62-66 68-71 75-78 81-146 149-171 174-175 178-183 186-208 211-245 248-306 309-330 333-365 368-431 434-516 519-544 547-590 593-607 610-618 621-649 652-654 657-659 662-683 686-699 702-708 711-720
ℹ    customerNormalization.js              |  25.00 |   100.00 |    0.00 | 5-9 12-14 16-18 20-34 36-40 42-44 52-57 60-65 68-84 92-112
ℹ    CustomerOperationService.js           |  25.77 |   100.00 |    0.00 | 13-19 21-23 25-27 29-38 42-68 71-78 81-87 90-96
ℹ    customerProjections.js                |   9.86 |   100.00 |    0.00 | 1-3 5-7 10-28 31-51 54-71
ℹ    CustomerReferenceProviderRegistry.js  |  18.28 |   100.00 |   12.50 | 3-6 8-10 16-29 32-41 44-67 70-77 80-92
ℹ    CustomerService.js                    |  13.08 |   100.00 |    0.00 | 41-46 48-56 58-88 90-94 96-98 100-103 105-110 112-120 126-136 138-178 182-191 194-265 268-361 364-404 407-431 434-463 466-467 470-471 474-475 478-566 569-581 584-586 589-624 627-661 676-707 710-737 740-755 758-787 790-794 797-800 803-808 811-816 819-821 824-843 846-888 891-902 905-934 937-941 944-959 962-970
ℹ    import                                |        |          |         | 
ℹ     customerCsvSchema.js                 |  81.43 |   100.00 |   50.00 | 56-59 62-70
ℹ     CustomerImportProcessor.js           |  12.92 |   100.00 |    0.00 | 43-56 58-77 79-82 84-132 134-145 147-159 161-170 172-191 193-197 199-252 254-262 264-310 312-348 350-364 366-419 422-449
ℹ    normalizeCustomerConfig.js            |  29.03 |    33.33 |   50.00 | 10-44 46-56 65-69 71-74 78-90 93-110 117-123 128-129 133-134 138-144 148-153
ℹ   inventory                              |        |          |         | 
ℹ    normalizeInventoryConfig.js           |  84.62 |    40.00 |  100.00 | 24-25 31-32 36-37 58-59 61-62
ℹ   item                                   |        |          |         | 
ℹ    csvSafety.js                          |  76.19 |   100.00 |    0.00 | 17-21
ℹ    import                                |        |          |         | 
ℹ     itemCsvSchema.js                     |  96.15 |   100.00 |   50.00 | 51-52
ℹ     ItemImportAggregateService.js        |  16.81 |    66.67 |   14.29 | 15-17 25-30 39-40 45-62 65-68 71-162 165-237
ℹ     ItemImportProcessor.js               |  13.39 |   100.00 |    0.00 | 22-24 26-28 37-60 62-71 73-82 84-101 103-119 121-132 134-150 152-168 177-375
ℹ    ItemAuditLogService.js                |  30.48 |    66.67 |   16.67 | 22-24 29-30 49-82 96-167 170-186 192-209
ℹ    itemConstants.js                      | 100.00 |   100.00 |  100.00 | 
ℹ    itemErrors.js                         |  33.95 |   100.00 |    0.00 | 21-30 32-41 43-52 55-59 62-66 69-73 76-81 84-89 94-98 104-108 111-115 118-122 128-133 139-143 146-150 153-157 160-164 167-171 174-178 181-186 189-194 197-201 204-208 211-215 218-222 225-229 232-237 240-244 247-251 254-259 264-269 272-277 280-284 287-291 294-299 302-307 310-315 318-322 331-336 339-344 347-352 355-360 363-368 374-378 381-386 392-396 399-403 406-411 414-418 421-425 428-432 442-446 449-461 464-468 471-475 478-482 487-491 498-502 507-512 518-523 526-530 533-539
ℹ    ItemImportService.js                  |  24.44 |    66.67 |    4.35 | 26-32 35-37 42-43 55-68 71-106 118-158 165-183 191-243 248-263 266-273 281-299 307-351 361-388 397-408 419-437 447-452 464-490 510-566 569-580 583-614 617-632 635-658 661-674
ℹ    ItemMediaService.js                   |  26.57 |    40.00 |   10.00 | 37-38 40-41 43-44 60-149 158-212 222-238 245-266 273-279 284-294 297-319 322-334 337-349
ℹ    itemValidation.js                     |  44.44 |   100.00 |   14.29 | 30-31 39-40 48-49 52-61 63-65 100-180
ℹ    normalizeItemConfig.js                |  88.00 |    19.05 |  100.00 | 20-21 24-25 40-41 52-53 82-83 102-106
ℹ   supplier                               |        |          |         | 
ℹ    normalizeSupplierConfig.js            |  50.43 |    19.05 |   60.00 | 16-17 28-60 62-72 76-77 82-83 87-88 92-93 98-99 102-103
ℹ    supplierErrors.js                     |  40.22 |   100.00 |    0.00 | 3-12 15-16 19-25 29-30 33-34 48-53 56-62 65-70 78-83 86-92
ℹ    SupplierImportService.js              |  35.59 |    66.67 |    9.09 | 43-46 53-62 67-69 71-75 83-88 105-120 135-176 183-253 257-280
ℹ   user                                   |        |          |         | 
ℹ    passwordHash.js                       |  41.74 |   100.00 |    0.00 | 33-35 37-39 41-58 60-65 71-84 93-115
ℹ    UserService.js                        |  43.01 |    66.67 |    8.33 | 58-59 75-83 95-97 106-114 122-163 166-176 179-188 194-222 225-254 257-263 270-272 275-278
ℹ  services                                |        |          |         | 
ℹ   auth                                   |        |          |         | 
ℹ    jwtAuthStrategy.js                    |  21.28 |   100.00 |   50.00 | 16-25 50-187
ℹ    jwtDeviceAuthStrategy.js              |  38.26 |   100.00 |   66.67 | 44-114
ℹ    jwtDevicePasswordAuthStrategy.js      |  80.39 |   100.00 |   66.67 | 41-50
ℹ    jwtPasswordAuthStrategy.js            |  78.85 |   100.00 |   66.67 | 41-51
ℹ    JwtService.js                         |  46.36 |   100.00 |   30.00 | 36-37 41-42 46-47 54-55 62-63 74-115 122-150
ℹ    passwordChangeGate.js                 |  91.30 |   100.00 |    0.00 | 22-23
ℹ    passwordReauth.js                     |  37.66 |   100.00 |    0.00 | 30-77
ℹ    publicAuthStrategy.js                 | 100.00 |   100.00 |  100.00 | 
ℹ   authorization                          |        |          |         | 
ℹ    PermissionCatalogueService.js         |  75.44 |    73.33 |   90.00 | 63-72 78-83 89-98 109-110
ℹ   context                                |        |          |         | 
ℹ    RequestContextService.js              |  87.88 |    72.73 |   85.71 | 48-55
ℹ   customerFile                           |        |          |         | 
ℹ    ClamdScanner.js                       |  18.97 |   100.00 |    0.00 | 6-10 14-19 22-57
ℹ    CustomerAttachmentRecoveryJob.js      |  67.31 |    66.67 |   75.00 | 29-33 40-51
ℹ    CustomerAttachmentStorage.js          |  21.70 |   100.00 |    0.00 | 13-15 17-19 21-27 29-33 35-37 39-41 43-58 60-65 67-77 81-89 92-106 109-112 115-118 121-128 131-139 142-150 153-185 188-197 200-202 205-214 217-219 222-231
ℹ   customerImport                         |        |          |         | 
ℹ    CustomerImportStorage.js              |  22.49 |   100.00 |    0.00 | 6-8 11-16 18-22 24-28 32-34 37-53 59-74 77-78 81-93 96-97 100-106 109-119 122-125 128-164
ℹ    CustomerImportWorkerService.js        |  57.14 |    50.00 |   50.00 | 31 34 42-48 51-68 71-76
ℹ    jobs                                  |        |          |         | 
ℹ     precheckCustomerImportJob.js         |  12.50 |   100.00 |    0.00 | 4-24
ℹ   deviceBinding                          |        |          |         | 
ℹ    DeviceBindingService.js               |  36.95 |   100.00 |   12.50 | 62-63 79-83 96-112 116-121 130-135 145-169 184-257 263-279 283-298 307-335 338-355 369-397 401-409 413-421 434-442 446-461 470-493 497-513 517-521 525-531 551-570
ℹ    deviceSignatureRequest.js             |  29.50 |   100.00 |    0.00 | 22-78 90-106 116-139
ℹ    jobs                                  |        |          |         | 
ℹ     DeviceBindingPurgeJob.js             |  93.33 |   100.00 |   60.00 | 54-55 58-59
ℹ    normalizeDeviceBindingConfig.js       |  75.95 |    21.43 |  100.00 | 5-6 19-20 38-44 49-52 57-60
ℹ   filetype                               |        |          |         | 
ℹ    builtInFileTypes.js                   |  94.93 |   100.00 |    9.09 | 43-44 52-54 108-109
ℹ    FileTypeService.js                    |  86.59 |    40.74 |   90.00 | 34-35 93-94 97-100 107-108 115-118 132-133 148-149 155-156 159-160
ℹ   idempotency                            |        |          |         | 
ℹ    IdempotencyService.js                 |  24.84 |    35.29 |   29.41 | 10-24 26-28 30-37 39-52 56-57 98-99 103-105 107-110 120-132 137-138 146-147 153-365 376-395 408-422 426-454
ℹ    IdempotencyStore.js                   |  44.94 |    75.00 |   13.33 | 14-15 22-23 60-61 76-77 93-105 108-152 155-167 170-183 186-197 205-222 230-242
ℹ    jobs                                  |        |          |         | 
ℹ     IdempotencyPurgeJob.js               |  95.65 |   100.00 |   75.00 | 44-45
ℹ    MySqlIdempotencyStore.js              |  29.75 |   100.00 |    0.00 | 32-51 54-77 88-102 105-126 130-138 141-145 153-180 187-200 204-212 215-236 240-241
ℹ    normalizeIdempotencyConfig.js         |  76.74 |    19.05 |  100.00 | 7-8 15-16 21-24 34-35 41-44 47-48 57-60
ℹ   itemImport                             |        |          |         | 
ℹ    ItemImportFileCleanupJob.js           |  38.89 |   100.00 |   50.00 | 61-114 123-173 176-180
ℹ    ItemImportWorkerService.js            |  80.00 |   100.00 |   60.00 | 90-100 103-114
ℹ    jobs                                  |        |          |         | 
ℹ     executeItemImportJob.js              |  14.81 |   100.00 |    0.00 | 19-25 28-135
ℹ     validateItemImportJob.js             |  18.92 |   100.00 |    0.00 | 15-74
ℹ   itemMedia                              |        |          |         | 
ℹ    ItemMediaCleanupJob.js                |  46.75 |   100.00 |   60.00 | 70-125 128-153
ℹ   logging                                |        |          |         | 
ℹ    fileLogWriter.js                      |  40.87 |    72.22 |   52.63 | 10-21 23-27 35-36 78-85 92-94 106-111 122-159 168-181 184-231 245-252 260-283 286-313 316-321 336-337
ℹ    jobs                                  |        |          |         | 
ℹ     LogRetentionJob.js                   |  96.15 |   100.00 |   75.00 | 50-51
ℹ    Logger.js                             |  43.52 |    57.14 |   33.33 | 23-24 34-35 38-39 42-43 46-47 50-98 106-107
ℹ    LoggerRegistry.js                     |  68.00 |    77.78 |   66.67 | 6-7 14-15 26-27 30-37 48-49
ℹ    LoggingService.js                     |  91.30 |    66.67 |   60.00 | 31-32 36-37
ℹ    logValue.js                           |   3.51 |   100.00 |    0.00 | 3-57
ℹ    normalizeLoggingConfig.js             |  78.40 |    35.00 |  100.00 | 9-10 19-20 38-41 52-55 62-63 68-71 82-83 88-91 105-108 111-114 129-134 189-190 196-197 203-204 207-208
ℹ    redactUrl.js                          |  59.26 |    40.00 |  100.00 | 15-25
ℹ    renderLogEntry.js                     |  32.95 |   100.00 |    0.00 | 13-15 17-19 21-24 26-28 30-32 34-46 60-88 96-106 114-122 135-174
ℹ    systemLogger.js                       |  31.67 |   100.00 |    0.00 | 5-10 13-14 17-39 42-43 46-47 50-51 54-55 58-59
ℹ   mysqldatabase                          |        |          |         | 
ℹ    connection.js                         |  34.88 |   100.00 |    0.00 | 12-30 33-34 37-43
ℹ    missingTableError.js                  |  52.17 |   100.00 |    0.00 | 13-23
ℹ    MySqlDatabaseService.js               |  46.68 |    37.50 |   53.33 | 20-29 36-37 42-47 53-76 108-110 117-130 139-156 180-181 193-194 202-203 205 213-224 245-246 258-260 264-273 288-293 301-305 328-329 337-338 356-358 361-362 379-382 390-403 414-568 581-599 602-603 607-608 615-616
ℹ   requestLimiter                         |        |          |         | 
ℹ    clientKey.js                          |  38.36 |    50.00 |   33.33 | 21-43 52-73
ℹ    jobs                                  |        |          |         | 
ℹ     RateLimitPurgeJob.js                 |  96.23 |   100.00 |   75.00 | 51-52
ℹ    normalizeRequestLimiterConfig.js      |  77.97 |    20.00 |  100.00 | 5-6 15-18 27-30 41-44 51-52 57-60 69-70 73-74 77-78
ℹ    RateLimitStore.js                     |  72.49 |    75.00 |   45.45 | 49-50 59-60 102-107 128-135 145-146 189-232 239-243 257-261
ℹ    RequestLimiterService.js              |  53.41 |    48.39 |   61.54 | 70-71 78-79 86-89 105 107-108 150-173 183-185 188-190 196-208 241-261 266-278 281-283 286-302 322-337 349-386 389-412 416-418 421-423 439-440 452-453 456 472-484 489-491 503-526 533-553 560-568 572-583 586-596 613-615 633-638 643-644 655-668 677-678 683-686
ℹ   scheduler                              |        |          |         | 
ℹ    JobLeaseStore.js                      |  57.76 |    71.43 |   37.50 | 20-21 48-49 65-70 75-107 110-115
ℹ    jobs                                  |        |          |         | 
ℹ     JobStatsFlushJob.js                  |  47.06 |    83.33 |   57.14 | 72-74 77-131 135-165 176-185
ℹ    JobStatsStore.js                      |  42.74 |    75.00 |   25.00 | 18-19 41-42 48-102 105-112
ℹ    normalizeJobDefinition.js             |  79.07 |    26.67 |   66.67 | 9-10 26-27 32-33 38-39 42-45 50-53 56-57
ℹ    normalizeSchedulerConfig.js           |  59.23 |    23.81 |   80.00 | 8-9 18-19 28-60 69-70 75-76 83-84 98-99 104-105 110-115
ℹ    SchedulerService.js                   |  42.08 |    60.00 |   65.22 | 17-22 90-93 96-97 103-106 127-128 135-140 166-184 188-189 195-201 227-228 236-237 240-242 251-471 492-511
ℹ   supplierImport                         |        |          |         | 
ℹ    supplierImportFiles.js                |  37.12 |   100.00 |    0.00 | 24-25 28-32 34-38 51-65 67-70 81-132
ℹ    SupplierImportWorkerService.js        |  65.12 |    83.33 |   66.67 | 46-51 60-61 64-85
ℹ   time                                   |        |          |         | 
ℹ    SystemTimeService.js                  |  91.30 |    88.89 |   87.50 | 23-24 44-45
ℹ    timeFormat.js                         |  75.41 |    81.82 |   83.33 | 17-18 49-61
ℹ   tokenRevocation                        |        |          |         | 
ℹ    jobs                                  |        |          |         | 
ℹ     TokenRevocationRefreshJob.js         |  77.92 |    57.14 |   75.00 | 55-61 67-76
ℹ    normalizeTokenRevocationConfig.js     |  76.00 |    28.57 |  100.00 | 5-6 17-20 29-30 47-52 57-60
ℹ    TokenRevocationService.js             |  53.59 |    66.67 |   45.45 | 71-95 105-123 129-161 178-213 223-232 236-241 258-259 294-295 301-322
ℹ test-support                             |        |          |         | 
ℹ  fakeMySqlPool.js                        |  98.75 |    70.59 |   66.67 | 63
ℹ  testEnv.js                              | 100.00 |   100.00 |  100.00 | 
ℹ -----------------------------------------------------------------------------------------------------------------------------------------------------------------------------------------------------------------------------------------------------------------------------------------------------------------------------------------------------------------------------------------------------------------------------------------------------------------------------------------------------------------------------------------------------------------------
ℹ all files                                |  49.00 |    50.68 |   36.64 | 
ℹ -----------------------------------------------------------------------------------------------------------------------------------------------------------------------------------------------------------------------------------------------------------------------------------------------------------------------------------------------------------------------------------------------------------------------------------------------------------------------------------------------------------------------------------------------------------------------
ℹ end of coverage report
