
> @erp/server@0.1.0 migrate
> node scripts/migrate.js

applied framework/idempotency.sql
applied framework/jwt.sql
applied framework/scheduler.sql
applied migrations/0001_add_idempotency_lease_owner.js
applied migrations/0002_drop_legacy_token_revocations_table.sql
applied migrations/0003_add_auth_tables.js
applied migrations/0004_add_device_binding_tables.js
applied migrations/0005_rename_device_permission.js
applied migrations/0006_add_user_password_columns.js
applied migrations/0007_add_user_audit_logs.js
applied migrations/0008_seed_user_management_permissions.js
applied migrations/0009_add_user_email.js
applied migrations/0010_seed_item_management_permissions.js
applied migrations/0011_create_item_categories.js
applied migrations/0012_create_item_brands.js
applied migrations/0013_create_item_uoms.js
applied migrations/0014_create_items.js
applied migrations/0015_create_item_skus.js
applied migrations/0016_create_item_sku_uoms.js
applied migrations/0017_create_item_sku_barcodes.js
applied migrations/0018_create_item_attribute_definitions.js
applied migrations/0019_create_item_attribute_options.js
applied migrations/0020_create_item_category_attributes.js
applied migrations/0021_create_item_attribute_values.js
applied migrations/0022_create_item_sku_attribute_values.js
applied migrations/0023_create_item_media.js
applied migrations/0024_create_item_audit_logs.js
applied migrations/0025_create_item_import_jobs.js
applied migrations/0026_create_item_import_rows.js
applied migrations/0027_create_business_master.js
applied migrations/0028_seed_supplier_management_permissions.js
applied migrations/0029_create_suppliers.js
applied migrations/0030_create_supplier_name_grams.js
applied migrations/0031_create_supplier_audit_logs.js
applied migrations/0032_create_supplier_addresses.js
applied migrations/0033_create_supplier_contacts.js
applied migrations/0034_create_supplier_identifiers.js
applied migrations/0035_create_supplier_activation_requests.js
applied migrations/0036_create_supplier_settings.js
applied migrations/0037_create_supplier_bank_accounts.js
applied migrations/0038_seed_customer_permissions.js
applied migrations/0039_create_customer_equality_key_foundation.js
applied migrations/0040_create_customer_classification_catalogs.js
applied migrations/0041_extend_customer_root.js
applied migrations/0042_create_customer_audit_logs.js
applied migrations/0043_create_customer_operation_requests.js
applied migrations/0044_create_customer_party_tables.js
applied migrations/0045_create_customer_identifiers.js
applied migrations/0046_create_customer_credit_profiles.js
applied migrations/0047_create_customer_settings.js
applied migrations/0048_create_customer_activation_requests.js
applied migrations/0049_create_customer_bank_accounts.js
applied migrations/0050_create_customer_attachments.js
applied migrations/0051_create_customer_attachment_stages.js
applied migrations/0052_create_customer_import_jobs.js
applied migrations/0053_create_customer_import_rows.js
applied migrations/0054_create_customer_export_jobs.js
applied migrations/0055_seed_inventory_permissions.js
applied migrations/0056_create_inventory_operations.js
applied migrations/0057_create_inventory_audit.js
applied migrations/0058_create_inventory_master.js
applied migrations/0059_create_inventory_stock.js
applied migrations/0060_create_inventory_movements.js
applied migrations/0061_create_supplier_import_jobs.js
applied migrations/0062_create_supplier_import_rows.js
applied migrations/0063_create_inventory_reservations.js
Migrations complete.
