failed to load config from /Users/sam/Documents/workspace/erp-app-worktrees/supplier-task-035/client/test/supplier-management.vitest.config.js

[31m⎯⎯⎯⎯⎯⎯⎯[39m[1m[41m Startup Error [49m[22m[31m⎯⎯⎯⎯⎯⎯⎯⎯[39m
Error: Build failed with 1 error:

[31m[UNRESOLVED_ENTRY] [0mCannot resolve entry module test/supplier-management.vitest.config.js.

    at aggregateBindingErrorsIntoJsError (file:///Users/sam/Documents/workspace/erp-app-worktrees/supplier-task-035/node_modules/rolldown/dist/shared/error-CVc7IgvG.mjs:48:18)
    at unwrapBindingResult (file:///Users/sam/Documents/workspace/erp-app-worktrees/supplier-task-035/node_modules/rolldown/dist/shared/error-CVc7IgvG.mjs:18:128)
    at #build (file:///Users/sam/Documents/workspace/erp-app-worktrees/supplier-task-035/node_modules/rolldown/dist/shared/rolldown-DiYVDns9.mjs:132:34)
    at async bundleConfigFile (file:///Users/sam/Documents/workspace/erp-app-worktrees/supplier-task-035/node_modules/vite/dist/node/chunks/node.js:37017:17)
    at async bundleAndLoadConfigFile (file:///Users/sam/Documents/workspace/erp-app-worktrees/supplier-task-035/node_modules/vite/dist/node/chunks/node.js:36918:18)
    at async loadConfigFromFile (file:///Users/sam/Documents/workspace/erp-app-worktrees/supplier-task-035/node_modules/vite/dist/node/chunks/node.js:36879:42)
    at async resolveConfig (file:///Users/sam/Documents/workspace/erp-app-worktrees/supplier-task-035/node_modules/vite/dist/node/chunks/node.js:36488:22)
    at async _createServer (file:///Users/sam/Documents/workspace/erp-app-worktrees/supplier-task-035/node_modules/vite/dist/node/chunks/node.js:26319:65)
    at async createViteServer (file:///Users/sam/Documents/workspace/erp-app-worktrees/supplier-task-035/node_modules/vitest/dist/chunks/cli-api.BK8pd4xc.js:8835:17)
    at async createVitest (file:///Users/sam/Documents/workspace/erp-app-worktrees/supplier-task-035/node_modules/vitest/dist/chunks/cli-api.BK8pd4xc.js:14221:18) {
  errors: [Getter/Setter]
}



npm error Lifecycle script `test` failed with error:
npm error code 1
npm error path /Users/sam/Documents/workspace/erp-app-worktrees/supplier-task-035/client
npm error workspace @erp/client@0.1.0
npm error location /Users/sam/Documents/workspace/erp-app-worktrees/supplier-task-035/client
npm error command failed
npm error command sh -c vitest run --config test/supplier-management.vitest.config.js --reporter=junit --outputFile=/Users/sam/Documents/workspace/erp-app-worktrees/supplier-task-035/docs/supplier_management/evidence/20260922T024351-6d4e210380c6/supplier-client-ui.xml
